<?xml version="1.0" encoding="UTF-8"?>
<testsuites name="jest tests" tests="3" failures="1" errors="0" time="3.669">
  <testsuite name="undefined" errors="0" failures="1" skipped="0" timestamp="2023-02-02T06:38:10" time="1.372" tests="3">
    <testcase classname=" main index.html file exists" name=" main index.html file exists" time="0.004">
    </testcase>
    <testcase classname=" Dockerfile exists" name=" Dockerfile exists" time="0">
    </testcase>
    <testcase classname=" .gitignore file exists" name=" .gitignore file exists" time="0.032">
      <failure>Error: expect(received).toBeTruthy()

Received: false
    at Object.&lt;anonymous&gt; (/home/minikube/nodejs-cicd/server.test.js:16:35)
    at Object.asyncJestTest (/home/minikube/nodejs-cicd/node_modules/jest-jasmine2/build/jasmineAsyncInstall.js:106:37)
    at /home/minikube/nodejs-cicd/node_modules/jest-jasmine2/build/queueRunner.js:45:12
    at new Promise (&lt;anonymous&gt;)
    at mapper (/home/minikube/nodejs-cicd/node_modules/jest-jasmine2/build/queueRunner.js:28:19)
    at /home/minikube/nodejs-cicd/node_modules/jest-jasmine2/build/queueRunner.js:75:41
    at processTicksAndRejections (internal/process/task_queues.js:97:5)</failure>
    </testcase>
  </testsuite>
</testsuites>